
Discarded input sections

 .bss           0x00000000        0x0 build/gpio.o
 .ARM.attributes
                0x00000000        0x0 build/gpio.o
 .glue_7        0x00000000        0x0 build/gpio.o
 .glue_7t       0x00000000        0x0 build/gpio.o
 .vfp11_veneer  0x00000000        0x0 build/gpio.o
 .janus_2cc_veneer
                0x00000000        0x0 build/gpio.o
 .v4_bx         0x00000000        0x0 build/gpio.o
 .bss           0x00000000        0x0 build/main.o
 .ARM.attributes
                0x00000000        0x0 build/main.o
 .glue_7        0x00000000        0x0 build/main.o
 .glue_7t       0x00000000        0x0 build/main.o
 .vfp11_veneer  0x00000000        0x0 build/main.o
 .janus_2cc_veneer
                0x00000000        0x0 build/main.o
 .v4_bx         0x00000000        0x0 build/main.o
 .bss           0x00000000        0x0 build/timer.o
 .ARM.attributes
                0x00000000        0x0 build/timer.o
 .glue_7        0x00000000        0x0 build/timer.o
 .glue_7t       0x00000000        0x0 build/timer.o
 .vfp11_veneer  0x00000000        0x0 build/timer.o
 .janus_2cc_veneer
                0x00000000        0x0 build/timer.o
 .v4_bx         0x00000000        0x0 build/timer.o

Memory Configuration

Name             Origin             Length             Attributes
*default*        0x00000000         0xffffffff

Linker script and memory map

LOAD build/gpio.o
LOAD build/main.o
LOAD build/timer.o

.init           0x00008000        0x4
 *(.init)
 .init          0x00008000        0x4 build/main.o
                0x00008000                _start

.text           0x00008004      0x108
 *(.text)
 .text          0x00008004       0x84 build/gpio.o
                0x0000800c                SetGpioFunction
                0x00008004                GetGpioAddress
                0x00008054                SetGpio
 .text          0x00008088       0x50 build/main.o
 .text          0x000080d8       0x34 build/timer.o
                0x000080d8                GetCounterValue
                0x000080e4                Wait

.data           0x0000810c        0x4
 *(.data)
 .data          0x0000810c        0x0 build/gpio.o
 .data          0x0000810c        0x4 build/main.o
 .data          0x00008110        0x0 build/timer.o

/DISCARD/
 *(*)
OUTPUT(build/output.elf elf32-littlearm)
